// Jest Snapshot v1, https://goo.gl/fbAQLP

exports[`SignalMasterModalForm smoke 1`] = `
<Connect(SignalMasterModalForm)
  canRedirect={false}
  metaFormSettings={
    Object {
      "ethAddress": "some_custom_address",
      "metric": Object {
        "value": Object {
          "description": "Notify me when a wallet’s balance changes a certain way",
          "hidden": true,
          "label": "Historical balance",
          "type": "wallet_movement",
          "value": "eth_wallet",
        },
      },
      "target": Object {
        "value": Object {
          "label": "nuga",
          "value": "nuga",
        },
      },
      "type": Object {
        "value": Object {
          "description": "Notify me when a wallet’s balance changes a certain way",
          "hidden": true,
          "label": "Historical balance",
          "type": "wallet_movement",
          "value": "eth_wallet",
        },
      },
    }
  }
/>
`;
