// Jest Snapshot v1, https://goo.gl/fbAQLP

exports[`TriggerForm smoke 1`] = `
<Formik
  enableReinitialize={true}
  initialValues={
    Object {
      "absoluteBorderLeft": 50,
      "absoluteBorderRight": 75,
      "absoluteThreshold": 5,
      "channels": Array [
        "Telegram",
      ],
      "ethAddress": undefined,
      "frequencyTimeType": Object {
        "label": "Hours",
        "value": "h",
      },
      "frequencyTimeValue": Object {
        "label": 1,
        "value": 1,
      },
      "frequencyType": Object {
        "label": "Once Per",
        "value": "onceper",
      },
      "isRepeating": true,
      "metric": Object {
        "label": "Price",
        "value": "price",
      },
      "percentThreshold": 5,
      "signalType": Object {
        "label": "Assets",
        "value": "assets",
      },
      "target": Object {
        "label": "santiment",
        "value": "santiment",
      },
      "threshold": 0.002,
      "timeWindow": 24,
      "timeWindowUnit": Object {
        "label": "Hours",
        "value": "h",
      },
      "type": Object {
        "label": "Moving up %",
        "metric": "price_percent_change",
        "value": "percent_up",
      },
    }
  }
  isInitialValid={true}
  onSubmit={[Function]}
  validate={[Function]}
  validateOnBlur={true}
  validateOnChange={true}
>
  <Component />
</Formik>
`;
