// Jest Snapshot v1, https://goo.gl/fbAQLP

exports[`Signals actions createTrigger should return error if 0 channels 1`] = `"You must setup at least one channel for new signal"`;

exports[`Signals actions createTrigger should work 1`] = `
Object {
  "payload": Object {},
  "type": "[signal] CREATE_SIGNAL",
}
`;
