// Jest Snapshot v1, https://goo.gl/fbAQLP

exports[`TriggerForm smoke 1`] = `
<Formik
  enableReinitialize={false}
  initialValues={
    Object {
      "channel": "Telegram",
      "cooldown": 24,
      "metric": Object {
        "label": "Price",
        "value": "price",
      },
      "percentThreshold": 5,
      "target": "ethereum",
      "timeWindow": 24,
      "type": Object {
        "label": "Percentage Change",
        "value": "price_percent_change",
      },
    }
  }
  isInitialValid={true}
  onSubmit={[Function]}
  validate={[Function]}
  validateOnBlur={true}
  validateOnChange={true}
>
  <Component />
</Formik>
`;
