// Jest Snapshot v1, https://goo.gl/fbAQLP

exports[`Fetch timeseries should return error, if metric doesnt exist 1`] = `
[Error: 
            Unsupported metric yet: "anyStrangeMetric".
            Add a query for this metric and description.
          ]
`;

exports[`Fetch timeseries should return price + devActivity as one merged timeseries array by datetime 1`] = `
Array [
  Object {
    "payload": Object {
      "0": Object {
        "devActivity": Object {
          "isEmpty": false,
          "isError": false,
          "isLoading": false,
        },
        "errorMetrics": Object {},
        "eventsData": Array [],
        "isLoading": false,
        "price_usd": Object {
          "isEmpty": false,
          "isError": false,
          "isLoading": false,
        },
        "timeseries": Array [
          Object {
            "activity": 100,
            "datetime": "2018-12-01T13:37:02.070800",
            "price_usd": 100,
          },
          Object {
            "activity": 100,
            "datetime": "2018-12-01T13:37:02.070801",
            "price_usd": 100,
          },
          Object {
            "activity": 100,
            "datetime": "2018-12-01T13:37:02.070802",
            "price_usd": 100,
          },
          Object {
            "activity": 100,
            "datetime": "2018-12-01T13:37:02.070803",
            "price_usd": 100,
          },
          Object {
            "activity": 100,
            "datetime": "2018-12-01T13:37:02.070804",
            "price_usd": 100,
          },
          Object {
            "activity": 100,
            "datetime": "2018-12-01T13:37:02.070805",
            "price_usd": 100,
          },
          Object {
            "activity": 100,
            "datetime": "2018-12-01T13:37:02.070806",
            "price_usd": 100,
          },
          Object {
            "activity": 100,
            "datetime": "2018-12-01T13:37:02.070807",
            "price_usd": 100,
          },
          Object {
            "activity": 100,
            "datetime": "2018-12-01T13:37:02.070808",
            "price_usd": 100,
          },
        ],
      },
    },
    "type": "[timeseries] FETCH_SUCCESS",
  },
]
`;

exports[`Fetch timeseries should return price + devActivity succesfull 1`] = `
Array [
  Object {
    "payload": Object {
      "0": Object {
        "devActivity": Object {
          "isEmpty": false,
          "isError": false,
          "isLoading": false,
        },
        "errorMetrics": Object {},
        "eventsData": Array [],
        "isLoading": false,
        "price_usd": Object {
          "isEmpty": false,
          "isError": false,
          "isLoading": false,
        },
        "timeseries": Array [
          Object {
            "activity": 100,
            "datetime": "2018-12-01T13:37:02.070800",
            "price_usd": 100,
          },
          Object {
            "activity": 100,
            "datetime": "2018-12-01T13:37:02.070801",
            "price_usd": 100,
          },
          Object {
            "activity": 100,
            "datetime": "2018-12-01T13:37:02.070802",
            "price_usd": 100,
          },
          Object {
            "activity": 100,
            "datetime": "2018-12-01T13:37:02.070803",
            "price_usd": 100,
          },
          Object {
            "activity": 100,
            "datetime": "2018-12-01T13:37:02.070804",
            "price_usd": 100,
          },
          Object {
            "activity": 100,
            "datetime": "2018-12-01T13:37:02.070805",
            "price_usd": 100,
          },
          Object {
            "activity": 100,
            "datetime": "2018-12-01T13:37:02.070806",
            "price_usd": 100,
          },
          Object {
            "activity": 100,
            "datetime": "2018-12-01T13:37:02.070807",
            "price_usd": 100,
          },
          Object {
            "activity": 100,
            "datetime": "2018-12-01T13:37:02.070808",
            "price_usd": 100,
          },
        ],
      },
    },
    "type": "[timeseries] FETCH_SUCCESS",
  },
]
`;
