// Jest Snapshot v1, https://goo.gl/fbAQLP

exports[`GetTimeSeries should return history price list 1`] = `
Array [
  Object {
    "payload": Object {
      "events": Array [],
      "id": 0,
      "marketSegments": Array [],
      "metrics": Array [
        Object {
          "interval": "1d",
          "name": "price_usd",
          "slug": "santiment",
          "timeRange": "6m",
        },
        Object {
          "from": "2018-12-01",
          "interval": "1d",
          "movingAverageIntervalBase": 7,
          "name": "devActivity",
          "slug": "santiment",
          "to": "2018-12-10",
          "transform": "movingAverage",
        },
      ],
    },
    "type": "[timeseries] FETCH",
  },
]
`;
