// Jest Snapshot v1, https://goo.gl/fbAQLP

exports[`Project detail page container it should render correctly 1`] = `
<_default
  match={
    Object {
      "params": Object {
        "ticker": "AE",
      },
    }
  }
  project={
    Object {
      "id": 12,
      "name": "Aragorn",
      "priceUsd": 10,
      "ticker": "AE",
    }
  }
/>
`;
