// Jest Snapshot v1, https://goo.gl/fbAQLP

exports[`Project detail page container it should render correctly 1`] = `
<div
  className="page detailed"
>
  <HelmetWrapper
    defer={true}
    encodeSpecialCharacters={true}
  >
    <title>
      AE project page
    </title>
    <meta
      content="Project overview: Aragorn - SANbase"
      property="og:title"
    />
    <meta
      content="Financial, development, on-chain and social data for Aragorn. Get access to full historical data & advanced metrics for Aragorn by upgrading to SANbase Dashboards.
"
      property="og:description"
    />
  </HelmetWrapper>
  <withRouter(SearchContainer) />
  <ExportedComponent
    project={
      Object {
        "id": 12,
        "name": "Aragorn",
        "priceUsd": 10,
        "ticker": "AE",
      }
    }
  />
  <div>
    <Connect(withState(withState(withState(withState(withState(withState(withState(withState(withState(withState(withState(withState(withState(ProjectChartContainer))))))))))))))
      TwitterHistoryData={
        Object {
          "loading": true,
        }
      }
      burnRate={
        Object {
          "error": false,
          "items": Array [],
          "loading": true,
        }
      }
      dailyActiveAddresses={
        Object {
          "error": false,
          "items": Array [],
          "loading": true,
        }
      }
      development={
        Object {
          "history": Object {
            "items": Array [],
            "loading": true,
          },
        }
      }
      emojisSentiment={
        Object {
          "error": false,
          "items": Array [],
          "loading": false,
        }
      }
      ethPrice={
        Object {
          "history": Object {
            "items": Array [],
            "loading": true,
          },
        }
      }
      ethSpentOverTime={
        Object {
          "error": false,
          "items": Array [],
          "loading": undefined,
        }
      }
      exchangeFundFlow={
        Object {
          "error": false,
          "items": Array [],
          "loading": true,
        }
      }
      price={
        Object {
          "history": Object {
            "items": Array [],
            "loading": true,
          },
        }
      }
      project={
        Object {
          "id": 12,
          "name": "Aragorn",
          "priceUsd": 10,
          "ticker": "AE",
        }
      }
      projectId={12}
      transactionVolume={
        Object {
          "error": false,
          "items": Array [],
          "loading": true,
        }
      }
      twitterData={
        Object {
          "error": false,
          "followersCount": 0,
          "loading": true,
        }
      }
      twitterHistory={
        Object {
          "error": false,
          "items": Array [],
          "loading": false,
        }
      }
    />
  </div>
  <div
    className="information"
  >
    <PanelWithHeader
      className="panel panel-full-width"
      contentClassName=""
      header="General Info"
      headerClassName=""
    >
      <GeneralInfoBlock
        id={12}
        name="Aragorn"
        priceUsd={10}
        ticker="AE"
      />
    </PanelWithHeader>
    <PanelWithHeader
      className="panel panel-full-width"
      contentClassName=""
      header="Financials"
      headerClassName=""
    >
      <FinancialsBlock
        id={12}
        name="Aragorn"
        priceUsd={10}
        ticker="AE"
      />
    </PanelWithHeader>
  </div>
</div>
`;
