// Jest Snapshot v1, https://goo.gl/fbAQLP

exports[`ProjectIcon component (smoke) it should render correctly 1`] = `
<div
  className="project-icon project-icon-bitcoin"
  style={
    Object {
      "--scale": 0.3125,
      "height": "20px",
      "width": "20px",
    }
  }
/>
`;

exports[`ProjectIcon component DAO.Casino icon should render correctly 1`] = `
<div
  className="project-icon project-icon-monero"
  style={
    Object {
      "--scale": 0.625,
      "height": "40px",
      "width": "40px",
    }
  }
/>
`;

exports[`ProjectIcon component SAN icon should render correctly 1`] = `
<div
  className="project-icon project-icon-santiment"
  style={
    Object {
      "--scale": 0.25,
      "height": "16px",
      "width": "16px",
    }
  }
/>
`;
